../Core/Src/main.c:429:6:tratar_linha	32	static
../Core/Src/main.c:459:6:sincronizar	16	static
../Core/Src/main.c:474:6:receber	392	static
../Core/Src/main.c:502:6:copiar_linhas_finais	40	static
../Core/Src/main.c:521:6:colar_linhas_finais	24	static
../Core/Src/main.c:532:6:high_boost	56	static
../Core/Src/main.c:614:5:main	16	static
../Core/Src/main.c:662:6:SystemClock_Config	80	static
../Core/Src/main.c:698:13:MX_USART2_UART_Init	8	static
../Core/Src/main.c:731:13:MX_GPIO_Init	48	static
../Core/Src/main.c:765:5:__io_putchar	24	static
../Core/Src/main.c:782:6:Error_Handler	8	static,ignoring_inline_asm
